This is pdfTeX, Version 3.141592653-2.6-1.40.29 (MiKTeX 26.5) (preloaded format=pdflatex 2026.5.20)  11 JUL 2026 14:13
entering extended mode
 restricted \write18 enabled.
 file:line:error style messages enabled.
 %&-line parsing enabled.
**"c:/Users/facun/VSCodeProjects/PROCOM/fixed_Point/Informe FP/Informe_FP.tex"
(c:/Users/facun/VSCodeProjects/PROCOM/fixed_Point/Informe FP/Informe_FP.tex
LaTeX2e <2025-11-01>
L3 programming layer <2026-03-20>
(C:\Users\facun\AppData\Local\Programs\MiKTeX\tex/latex/base\article.cls
Document Class: article 2025/01/22 v1.4n Standard LaTeX document class
(C:\Users\facun\AppData\Local\Programs\MiKTeX\tex/latex/base\size12.clo
File: size12.clo 2025/01/22 v1.4n Standard LaTeX file (size option)
)
\c@part=\count275
\c@section=\count276
\c@subsection=\count277
\c@subsubsection=\count278
\c@paragraph=\count279
\c@subparagraph=\count280
\c@figure=\count281
\c@table=\count282
\abovecaptionskip=\skip49
\belowcaptionskip=\skip50
\bibindent=\dimen150
) (C:\Users\facun\AppData\Local\Programs\MiKTeX\tex/latex/base\inputenc.sty
Package: inputenc 2024/02/08 v1.3d Input encoding file
\inpenc@prehook=\toks17
\inpenc@posthook=\toks18
) (C:\Users\facun\AppData\Local\Programs\MiKTeX\tex/generic/babel\babel.sty
Package: babel 2026/04/15 v26.6 The multilingual framework for LuaLaTeX, pdfLaTeX and XeLaTeX
\babel@savecnt=\count283
LaTeX Encoding Info:    Redeclaring text command \ij (encoding OT1) on input line 2078.
LaTeX Encoding Info:    Redeclaring text command \IJ (encoding OT1) on input line 2080.
LaTeX Encoding Info:    Redeclaring text command \ij (encoding T1) on input line 2082.
LaTeX Encoding Info:    Redeclaring text command \IJ (encoding T1) on input line 2083.
LaTeX Encoding Info:    Ignoring declaration for text command \ij (encoding ?) on input line 2084.
LaTeX Encoding Info:    Ignoring declaration for text command \IJ (encoding ?) on input line 2086.
LaTeX Encoding Info:    Ignoring declaration for text command \SS (encoding ?) on input line 2111.
\U@D=\dimen151
\l@unhyphenated=\language79
 (C:\Users\facun\AppData\Local\Programs\MiKTeX\tex/generic/babel\txtbabel.def)
\bbl@readstream=\read2
\bbl@dirlevel=\count284
Package babel Info: Configuration files are deprecated, as
(babel)             they can break document portability.
(babel)             Reported on input line 4206.

*************************************
* Local config file bblopts.cfg used
*
(C:\Users\facun\AppData\Local\Programs\MiKTeX\tex/latex/arabi\bblopts.cfg
File: bblopts.cfg 2005/09/08 v0.1 add Arabic and Farsi to "declared" options of babel
) (C:\Users\facun\AppData\Local\Programs\MiKTeX\tex/generic/babel/locale/es\babel-spanish.tex)
Package babel Info: Importing font and identification data for spanish
(babel)             from babel-es.ini. Reported on input line 4330.
 (C:\Users\facun\AppData\Local\Programs\MiKTeX\tex/latex/babel-spanish\spanish.ldf
Language: spanish.ldf 2021/05/27 v5.0q Spanish support from the babel system
\es@quottoks=\toks19
\es@quotdepth=\count285
Package babel Info: Making " an active character on input line 570.
Package babel Info: Making . an active character on input line 675.
Package babel Info: Making < an active character on input line 722.
Package babel Info: Making > an active character on input line 722.
))
LaTeX Encoding Info:    Redeclaring text command \guillemotleft (encoding OT1) on input line 9.
LaTeX Encoding Info:    Redeclaring text command \guillemotright (encoding OT1) on input line 9.
 (C:\Users\facun\AppData\Local\Programs\MiKTeX\tex/latex/geometry\geometry.sty
Package: geometry 2026/03/07 v6.0 Page Geometry
 (C:\Users\facun\AppData\Local\Programs\MiKTeX\tex/latex/graphics\keyval.sty
Package: keyval 2022/05/29 v1.15 key=value parser (DPC)
\KV@toks@=\toks20
) (C:\Users\facun\AppData\Local\Programs\MiKTeX\tex/generic/iftex\ifvtex.sty
Package: ifvtex 2019/10/25 v1.7 ifvtex legacy package. Use iftex instead.
 (C:\Users\facun\AppData\Local\Programs\MiKTeX\tex/generic/iftex\iftex.sty
Package: iftex 2024/12/12 v1.0g TeX engine tests
))
\Gm@cnth=\count286
\Gm@cntv=\count287
\c@Gm@tempcnt=\count288
\Gm@bindingoffset=\dimen152
\Gm@wd@mp=\dimen153
\Gm@odd@mp=\dimen154
\Gm@even@mp=\dimen155
\Gm@layoutwidth=\dimen156
\Gm@layoutheight=\dimen157
\Gm@layouthoffset=\dimen158
\Gm@layoutvoffset=\dimen159
\Gm@dimlist=\toks21
 (C:\Users\facun\AppData\Local\Programs\MiKTeX\tex/latex/geometry\geometry.cfg)) (C:\Users\facun\AppData\Local\Programs\MiKTeX\tex/latex/graphics\graphicx.sty
Package: graphicx 2024/12/31 v1.2e Enhanced LaTeX Graphics (DPC,SPQR)
 (C:\Users\facun\AppData\Local\Programs\MiKTeX\tex/latex/graphics\graphics.sty
Package: graphics 2024/08/06 v1.4g Standard LaTeX Graphics (DPC,SPQR)
 (C:\Users\facun\AppData\Local\Programs\MiKTeX\tex/latex/graphics\trig.sty
Package: trig 2023/12/02 v1.11 sin cos tan (DPC)
) (C:\Users\facun\AppData\Local\Programs\MiKTeX\tex/latex/graphics-cfg\graphics.cfg
File: graphics.cfg 2016/06/04 v1.11 sample graphics configuration
)
Package graphics Info: Driver file: pdftex.def on input line 106.
 (C:\Users\facun\AppData\Local\Programs\MiKTeX\tex/latex/graphics-def\pdftex.def
File: pdftex.def 2025/09/29 v1.2d Graphics/color driver for pdftex
))
\Gin@req@height=\dimen160
\Gin@req@width=\dimen161
) (C:\Users\facun\AppData\Local\Programs\MiKTeX\tex/latex/setspace\setspace.sty
Package: setspace 2022/12/04 v6.7b set line spacing
) (C:\Users\facun\AppData\Local\Programs\MiKTeX\tex/latex/hyperref\hyperref.sty
Package: hyperref 2026-04-24 v7.01q Hypertext links for LaTeX
 (C:\Users\facun\AppData\Local\Programs\MiKTeX\tex/latex/kvsetkeys\kvsetkeys.sty
Package: kvsetkeys 2022-10-05 v1.19 Key value parser (HO)
) (C:\Users\facun\AppData\Local\Programs\MiKTeX\tex/generic/kvdefinekeys\kvdefinekeys.sty
Package: kvdefinekeys 2019-12-19 v1.6 Define keys (HO)
) (C:\Users\facun\AppData\Local\Programs\MiKTeX\tex/generic/pdfescape\pdfescape.sty
Package: pdfescape 2019/12/09 v1.15 Implements pdfTeX's escape features (HO)
 (C:\Users\facun\AppData\Local\Programs\MiKTeX\tex/generic/ltxcmds\ltxcmds.sty
Package: ltxcmds 2023-12-04 v1.26 LaTeX kernel commands for general use (HO)
) (C:\Users\facun\AppData\Local\Programs\MiKTeX\tex/generic/pdftexcmds\pdftexcmds.sty
Package: pdftexcmds 2020-06-27 v0.33 Utility functions of pdfTeX for LuaTeX (HO)
 (C:\Users\facun\AppData\Local\Programs\MiKTeX\tex/generic/infwarerr\infwarerr.sty
Package: infwarerr 2019/12/03 v1.5 Providing info/warning/error messages (HO)
)
Package pdftexcmds Info: \pdf@primitive is available.
Package pdftexcmds Info: \pdf@ifprimitive is available.
Package pdftexcmds Info: \pdfdraftmode found.
)) (C:\Users\facun\AppData\Local\Programs\MiKTeX\tex/latex/hycolor\hycolor.sty
Package: hycolor 2020-01-27 v1.10 Color options for hyperref/bookmark (HO)
) (C:\Users\facun\AppData\Local\Programs\MiKTeX\tex/latex/hyperref\nameref.sty
Package: nameref 2026-01-29 v2.58 Cross-referencing by name of section
 (C:\Users\facun\AppData\Local\Programs\MiKTeX\tex/latex/refcount\refcount.sty
Package: refcount 2019/12/15 v3.6 Data extraction from label references (HO)
) (C:\Users\facun\AppData\Local\Programs\MiKTeX\tex/generic/gettitlestring\gettitlestring.sty
Package: gettitlestring 2019/12/15 v1.6 Cleanup title references (HO)
 (C:\Users\facun\AppData\Local\Programs\MiKTeX\tex/latex/kvoptions\kvoptions.sty
Package: kvoptions 2022-06-15 v3.15 Key value format for package options (HO)
))
\c@section@level=\count289
) (C:\Users\facun\AppData\Local\Programs\MiKTeX\tex/latex/etoolbox\etoolbox.sty
Package: etoolbox 2025/10/02 v2.5m e-TeX tools for LaTeX (JAW)
\etb@tempcnta=\count290
) (C:\Users\facun\AppData\Local\Programs\MiKTeX\tex/generic/stringenc\stringenc.sty
Package: stringenc 2019/11/29 v1.12 Convert strings between diff. encodings (HO)
)
\@linkdim=\dimen162
\Hy@linkcounter=\count291
\Hy@pagecounter=\count292
 (C:\Users\facun\AppData\Local\Programs\MiKTeX\tex/latex/hyperref\pd1enc.def
File: pd1enc.def 2026-04-24 v7.01q Hyperref: PDFDocEncoding definition (HO)
Now handling font encoding PD1 ...
... no UTF-8 mapping file for font encoding PD1
) (C:\Users\facun\AppData\Local\Programs\MiKTeX\tex/generic/intcalc\intcalc.sty
Package: intcalc 2019/12/15 v1.3 Expandable calculations with integers (HO)
)
\Hy@SavedSpaceFactor=\count293
 (C:\Users\facun\AppData\Local\Programs\MiKTeX\tex/latex/hyperref\puenc.def
File: puenc.def 2026-04-24 v7.01q Hyperref: PDF Unicode definition (HO)
Now handling font encoding PU ...
... no UTF-8 mapping file for font encoding PU
)
Package hyperref Info: Hyper figures OFF on input line 4199.
Package hyperref Info: Link nesting OFF on input line 4204.
Package hyperref Info: Hyper index ON on input line 4207.
Package hyperref Info: Plain pages OFF on input line 4214.
Package hyperref Info: Backreferencing OFF on input line 4219.
Package hyperref Info: Implicit mode ON; LaTeX internals redefined.
Package hyperref Info: Bookmarks ON on input line 4466.
\c@Hy@tempcnt=\count294
 (C:\Users\facun\AppData\Local\Programs\MiKTeX\tex/latex/url\url.sty
\Urlmuskip=\muskip17
Package: url 2013/09/16  ver 3.4  Verb mode for urls, etc.
)
LaTeX Info: Redefining \url on input line 4805.
\XeTeXLinkMargin=\dimen163
 (C:\Users\facun\AppData\Local\Programs\MiKTeX\tex/generic/bitset\bitset.sty
Package: bitset 2019/12/09 v1.3 Handle bit-vector datatype (HO)
 (C:\Users\facun\AppData\Local\Programs\MiKTeX\tex/generic/bigintcalc\bigintcalc.sty
Package: bigintcalc 2019/12/15 v1.5 Expandable calculations on big integers (HO)
))
\Fld@menulength=\count295
\Field@Width=\dimen164
\Fld@charsize=\dimen165
Package hyperref Info: Hyper figures OFF on input line 6091.
Package hyperref Info: Link nesting OFF on input line 6096.
Package hyperref Info: Hyper index ON on input line 6099.
Package hyperref Info: backreferencing OFF on input line 6106.
Package hyperref Info: Link coloring OFF on input line 6111.
Package hyperref Info: Link coloring with OCG OFF on input line 6116.
Package hyperref Info: PDF/A mode OFF on input line 6121.
\Hy@abspage=\count296
\c@Item=\count297
\c@Hfootnote=\count298
)
Package hyperref Info: Driver (autodetected): hpdftex.
 (C:\Users\facun\AppData\Local\Programs\MiKTeX\tex/latex/hyperref\hpdftex.def
File: hpdftex.def 2026-04-24 v7.01q Hyperref driver for pdfTeX
\Fld@listcount=\count299
\c@bookmark@seq@number=\count300
 (C:\Users\facun\AppData\Local\Programs\MiKTeX\tex/latex/rerunfilecheck\rerunfilecheck.sty
Package: rerunfilecheck 2025-06-21 v1.11 Rerun checks for auxiliary files (HO)
 (C:\Users\facun\AppData\Local\Programs\MiKTeX\tex/generic/uniquecounter\uniquecounter.sty
Package: uniquecounter 2019/12/15 v1.4 Provide unlimited unique counter (HO)
)
Package uniquecounter Info: New unique counter `rerunfilecheck' on input line 284.
)
\Hy@SectionHShift=\skip51
) (C:\Users\facun\AppData\Local\Programs\MiKTeX\tex/latex/xcolor\xcolor.sty
Package: xcolor 2024/09/29 v3.02 LaTeX color extensions (UK)
 (C:\Users\facun\AppData\Local\Programs\MiKTeX\tex/latex/graphics-cfg\color.cfg
File: color.cfg 2016/01/02 v1.6 sample color configuration
)
Package xcolor Info: Driver file: pdftex.def on input line 274.
 (C:\Users\facun\AppData\Local\Programs\MiKTeX\tex/latex/graphics\mathcolor.ltx)
Package xcolor Info: Model `cmy' substituted by `cmy0' on input line 1349.
Package xcolor Info: Model `hsb' substituted by `rgb' on input line 1353.
Package xcolor Info: Model `RGB' extended on input line 1365.
Package xcolor Info: Model `HTML' substituted by `rgb' on input line 1367.
Package xcolor Info: Model `Hsb' substituted by `hsb' on input line 1368.
Package xcolor Info: Model `tHsb' substituted by `hsb' on input line 1369.
Package xcolor Info: Model `HSB' substituted by `hsb' on input line 1370.
Package xcolor Info: Model `Gray' substituted by `gray' on input line 1371.
Package xcolor Info: Model `wave' substituted by `hsb' on input line 1372.
) (C:\Users\facun\AppData\Local\Programs\MiKTeX\tex/latex/listings\listings.sty
\lst@mode=\count301
\lst@gtempboxa=\box53
\lst@token=\toks22
\lst@length=\count302
\lst@currlwidth=\dimen166
\lst@column=\count303
\lst@pos=\count304
\lst@lostspace=\dimen167
\lst@width=\dimen168
\lst@newlines=\count305
\lst@lineno=\count306
\lst@maxwidth=\dimen169
 (C:\Users\facun\AppData\Local\Programs\MiKTeX\tex/latex/listings\lstpatch.sty
File: lstpatch.sty 2025/11/14 1.11b (Carsten Heinz)
) (C:\Users\facun\AppData\Local\Programs\MiKTeX\tex/latex/listings\lstmisc.sty
File: lstmisc.sty 2025/11/14 1.11b (Carsten Heinz)
\c@lstnumber=\count307
\lst@skipnumbers=\count308
\lst@framebox=\box54
) (C:\Users\facun\AppData\Local\Programs\MiKTeX\tex/latex/listings\listings.cfg
File: listings.cfg 2025/11/14 1.11b listings configuration
))
Package: listings 2025/11/14 1.11b (Carsten Heinz)

==> First Aid for listings.sty no longer applied!
    Expected:
        2024/09/23 1.10c (Carsten Heinz)
    but found:
        2025/11/14 1.11b (Carsten Heinz)
    so I'm assuming it got fixed.
(C:\Users\facun\AppData\Local\Programs\MiKTeX\tex/latex/tcolorbox\tcolorbox.sty
Package: tcolorbox 2025/11/28 version 6.9.0 text color boxes
 (C:\Users\facun\AppData\Local\Programs\MiKTeX\tex/latex/pgf/frontendlayer\tikz.sty (C:\Users\facun\AppData\Local\Programs\MiKTeX\tex/latex/pgf/basiclayer\pgf.sty (C:\Users\facun\AppData\Local\Programs\MiKTeX\tex/latex/pgf/utilities\pgfrcs.sty (C:\Users\facun\AppData\Local\Programs\MiKTeX\tex/generic/pgf/utilities\pgfutil-common.tex
\pgfutil@everybye=\toks23
\pgfutil@tempdima=\dimen170
\pgfutil@tempdimb=\dimen171
) (C:\Users\facun\AppData\Local\Programs\MiKTeX\tex/generic/pgf/utilities\pgfutil-latex.def
\pgfutil@abb=\box55
) (C:\Users\facun\AppData\Local\Programs\MiKTeX\tex/generic/pgf/utilities\pgfrcs.code.tex (C:\Users\facun\AppData\Local\Programs\MiKTeX\tex/generic/pgf\pgf.revision.tex)
Package: pgfrcs 2025-08-29 v3.1.11a (3.1.11a)
))
Package: pgf 2025-08-29 v3.1.11a (3.1.11a)
 (C:\Users\facun\AppData\Local\Programs\MiKTeX\tex/latex/pgf/basiclayer\pgfcore.sty (C:\Users\facun\AppData\Local\Programs\MiKTeX\tex/latex/pgf/systemlayer\pgfsys.sty (C:\Users\facun\AppData\Local\Programs\MiKTeX\tex/generic/pgf/systemlayer\pgfsys.code.tex
Package: pgfsys 2025-08-29 v3.1.11a (3.1.11a)
 (C:\Users\facun\AppData\Local\Programs\MiKTeX\tex/generic/pgf/utilities\pgfkeys.code.tex
\pgfkeys@pathtoks=\toks24
\pgfkeys@temptoks=\toks25
 (C:\Users\facun\AppData\Local\Programs\MiKTeX\tex/generic/pgf/utilities\pgfkeyslibraryfiltered.code.tex
\pgfkeys@tmptoks=\toks26
))
\pgf@x=\dimen172
\pgf@y=\dimen173
\pgf@xa=\dimen174
\pgf@ya=\dimen175
\pgf@xb=\dimen176
\pgf@yb=\dimen177
\pgf@xc=\dimen178
\pgf@yc=\dimen179
\pgf@xd=\dimen180
\pgf@yd=\dimen181
\w@pgf@writea=\write3
\r@pgf@reada=\read3
\c@pgf@counta=\count309
\c@pgf@countb=\count310
\c@pgf@countc=\count311
\c@pgf@countd=\count312
\t@pgf@toka=\toks27
\t@pgf@tokb=\toks28
\t@pgf@tokc=\toks29
\pgf@sys@id@count=\count313
 (C:\Users\facun\AppData\Local\Programs\MiKTeX\tex/generic/pgf/systemlayer\pgf.cfg
File: pgf.cfg 2025-08-29 v3.1.11a (3.1.11a)
)
Driver file for pgf: pgfsys-pdftex.def
 (C:\Users\facun\AppData\Local\Programs\MiKTeX\tex/generic/pgf/systemlayer\pgfsys-pdftex.def
File: pgfsys-pdftex.def 2025-08-29 v3.1.11a (3.1.11a)
 (C:\Users\facun\AppData\Local\Programs\MiKTeX\tex/generic/pgf/systemlayer\pgfsys-common-pdf.def
File: pgfsys-common-pdf.def 2025-08-29 v3.1.11a (3.1.11a)
))) (C:\Users\facun\AppData\Local\Programs\MiKTeX\tex/generic/pgf/systemlayer\pgfsyssoftpath.code.tex
File: pgfsyssoftpath.code.tex 2025-08-29 v3.1.11a (3.1.11a)
\pgfsyssoftpath@smallbuffer@items=\count314
\pgfsyssoftpath@bigbuffer@items=\count315
) (C:\Users\facun\AppData\Local\Programs\MiKTeX\tex/generic/pgf/systemlayer\pgfsysprotocol.code.tex
File: pgfsysprotocol.code.tex 2025-08-29 v3.1.11a (3.1.11a)
)) (C:\Users\facun\AppData\Local\Programs\MiKTeX\tex/generic/pgf/basiclayer\pgfcore.code.tex
Package: pgfcore 2025-08-29 v3.1.11a (3.1.11a)
 (C:\Users\facun\AppData\Local\Programs\MiKTeX\tex/generic/pgf/math\pgfmath.code.tex (C:\Users\facun\AppData\Local\Programs\MiKTeX\tex/generic/pgf/math\pgfmathutil.code.tex) (C:\Users\facun\AppData\Local\Programs\MiKTeX\tex/generic/pgf/math\pgfmathparser.code.tex
\pgfmath@dimen=\dimen182
\pgfmath@count=\count316
\pgfmath@box=\box56
\pgfmath@toks=\toks30
\pgfmath@stack@operand=\toks31
\pgfmath@stack@operation=\toks32
) (C:\Users\facun\AppData\Local\Programs\MiKTeX\tex/generic/pgf/math\pgfmathfunctions.code.tex) (C:\Users\facun\AppData\Local\Programs\MiKTeX\tex/generic/pgf/math\pgfmathfunctions.basic.code.tex) (C:\Users\facun\AppData\Local\Programs\MiKTeX\tex/generic/pgf/math\pgfmathfunctions.trigonometric.code.tex) (C:\Users\facun\AppData\Local\Programs\MiKTeX\tex/generic/pgf/math\pgfmathfunctions.random.code.tex) (C:\Users\facun\AppData\Local\Programs\MiKTeX\tex/generic/pgf/math\pgfmathfunctions.comparison.code.tex) (C:\Users\facun\AppData\Local\Programs\MiKTeX\tex/generic/pgf/math\pgfmathfunctions.base.code.tex) (C:\Users\facun\AppData\Local\Programs\MiKTeX\tex/generic/pgf/math\pgfmathfunctions.round.code.tex) (C:\Users\facun\AppData\Local\Programs\MiKTeX\tex/generic/pgf/math\pgfmathfunctions.misc.code.tex) (C:\Users\facun\AppData\Local\Programs\MiKTeX\tex/generic/pgf/math\pgfmathfunctions.integerarithmetics.code.tex) (C:\Users\facun\AppData\Local\Programs\MiKTeX\tex/generic/pgf/math\pgfmathcalc.code.tex) (C:\Users\facun\AppData\Local\Programs\MiKTeX\tex/generic/pgf/math\pgfmathfloat.code.tex
\c@pgfmathroundto@lastzeros=\count317
)) (C:\Users\facun\AppData\Local\Programs\MiKTeX\tex/generic/pgf/math\pgfint.code.tex) (C:\Users\facun\AppData\Local\Programs\MiKTeX\tex/generic/pgf/basiclayer\pgfcorepoints.code.tex
File: pgfcorepoints.code.tex 2025-08-29 v3.1.11a (3.1.11a)
\pgf@picminx=\dimen183
\pgf@picmaxx=\dimen184
\pgf@picminy=\dimen185
\pgf@picmaxy=\dimen186
\pgf@pathminx=\dimen187
\pgf@pathmaxx=\dimen188
\pgf@pathminy=\dimen189
\pgf@pathmaxy=\dimen190
\pgf@xx=\dimen191
\pgf@xy=\dimen192
\pgf@yx=\dimen193
\pgf@yy=\dimen194
\pgf@zx=\dimen195
\pgf@zy=\dimen196
) (C:\Users\facun\AppData\Local\Programs\MiKTeX\tex/generic/pgf/basiclayer\pgfcorepathconstruct.code.tex
File: pgfcorepathconstruct.code.tex 2025-08-29 v3.1.11a (3.1.11a)
\pgf@path@lastx=\dimen197
\pgf@path@lasty=\dimen198
) (C:\Users\facun\AppData\Local\Programs\MiKTeX\tex/generic/pgf/basiclayer\pgfcorepathusage.code.tex
File: pgfcorepathusage.code.tex 2025-08-29 v3.1.11a (3.1.11a)
\pgf@shorten@end@additional=\dimen199
\pgf@shorten@start@additional=\dimen256
) (C:\Users\facun\AppData\Local\Programs\MiKTeX\tex/generic/pgf/basiclayer\pgfcorescopes.code.tex
File: pgfcorescopes.code.tex 2025-08-29 v3.1.11a (3.1.11a)
\pgfpic=\box57
\pgf@hbox=\box58
\pgf@layerbox@main=\box59
\pgf@picture@serial@count=\count318
) (C:\Users\facun\AppData\Local\Programs\MiKTeX\tex/generic/pgf/basiclayer\pgfcoregraphicstate.code.tex
File: pgfcoregraphicstate.code.tex 2025-08-29 v3.1.11a (3.1.11a)
\pgflinewidth=\dimen257
) (C:\Users\facun\AppData\Local\Programs\MiKTeX\tex/generic/pgf/basiclayer\pgfcoretransformations.code.tex
File: pgfcoretransformations.code.tex 2025-08-29 v3.1.11a (3.1.11a)
\pgf@pt@x=\dimen258
\pgf@pt@y=\dimen259
\pgf@pt@temp=\dimen260
) (C:\Users\facun\AppData\Local\Programs\MiKTeX\tex/generic/pgf/basiclayer\pgfcorequick.code.tex
File: pgfcorequick.code.tex 2025-08-29 v3.1.11a (3.1.11a)
) (C:\Users\facun\AppData\Local\Programs\MiKTeX\tex/generic/pgf/basiclayer\pgfcoreobjects.code.tex
File: pgfcoreobjects.code.tex 2025-08-29 v3.1.11a (3.1.11a)
) (C:\Users\facun\AppData\Local\Programs\MiKTeX\tex/generic/pgf/basiclayer\pgfcorepathprocessing.code.tex
File: pgfcorepathprocessing.code.tex 2025-08-29 v3.1.11a (3.1.11a)
) (C:\Users\facun\AppData\Local\Programs\MiKTeX\tex/generic/pgf/basiclayer\pgfcorearrows.code.tex
File: pgfcorearrows.code.tex 2025-08-29 v3.1.11a (3.1.11a)
\pgfarrowsep=\dimen261
) (C:\Users\facun\AppData\Local\Programs\MiKTeX\tex/generic/pgf/basiclayer\pgfcoreshade.code.tex
File: pgfcoreshade.code.tex 2025-08-29 v3.1.11a (3.1.11a)
\pgf@max=\dimen262
\pgf@sys@shading@range@num=\count319
\pgf@shadingcount=\count320
) (C:\Users\facun\AppData\Local\Programs\MiKTeX\tex/generic/pgf/basiclayer\pgfcoreimage.code.tex
File: pgfcoreimage.code.tex 2025-08-29 v3.1.11a (3.1.11a)
) (C:\Users\facun\AppData\Local\Programs\MiKTeX\tex/generic/pgf/basiclayer\pgfcoreexternal.code.tex
File: pgfcoreexternal.code.tex 2025-08-29 v3.1.11a (3.1.11a)
\pgfexternal@startupbox=\box60
) (C:\Users\facun\AppData\Local\Programs\MiKTeX\tex/generic/pgf/basiclayer\pgfcorelayers.code.tex
File: pgfcorelayers.code.tex 2025-08-29 v3.1.11a (3.1.11a)
) (C:\Users\facun\AppData\Local\Programs\MiKTeX\tex/generic/pgf/basiclayer\pgfcoretransparency.code.tex
File: pgfcoretransparency.code.tex 2025-08-29 v3.1.11a (3.1.11a)
) (C:\Users\facun\AppData\Local\Programs\MiKTeX\tex/generic/pgf/basiclayer\pgfcorepatterns.code.tex
File: pgfcorepatterns.code.tex 2025-08-29 v3.1.11a (3.1.11a)
) (C:\Users\facun\AppData\Local\Programs\MiKTeX\tex/generic/pgf/basiclayer\pgfcorerdf.code.tex
File: pgfcorerdf.code.tex 2025-08-29 v3.1.11a (3.1.11a)
))) (C:\Users\facun\AppData\Local\Programs\MiKTeX\tex/generic/pgf/modules\pgfmoduleshapes.code.tex
File: pgfmoduleshapes.code.tex 2025-08-29 v3.1.11a (3.1.11a)
\pgfnodeparttextbox=\box61
) (C:\Users\facun\AppData\Local\Programs\MiKTeX\tex/generic/pgf/modules\pgfmoduleplot.code.tex
File: pgfmoduleplot.code.tex 2025-08-29 v3.1.11a (3.1.11a)
) (C:\Users\facun\AppData\Local\Programs\MiKTeX\tex/latex/pgf/compatibility\pgfcomp-version-0-65.sty
Package: pgfcomp-version-0-65 2025-08-29 v3.1.11a (3.1.11a)
\pgf@nodesepstart=\dimen263
\pgf@nodesepend=\dimen264
) (C:\Users\facun\AppData\Local\Programs\MiKTeX\tex/latex/pgf/compatibility\pgfcomp-version-1-18.sty
Package: pgfcomp-version-1-18 2025-08-29 v3.1.11a (3.1.11a)
)) (C:\Users\facun\AppData\Local\Programs\MiKTeX\tex/latex/pgf/utilities\pgffor.sty (C:\Users\facun\AppData\Local\Programs\MiKTeX\tex/latex/pgf/utilities\pgfkeys.sty (C:\Users\facun\AppData\Local\Programs\MiKTeX\tex/generic/pgf/utilities\pgfkeys.code.tex)) (C:\Users\facun\AppData\Local\Programs\MiKTeX\tex/latex/pgf/math\pgfmath.sty (C:\Users\facun\AppData\Local\Programs\MiKTeX\tex/generic/pgf/math\pgfmath.code.tex)) (C:\Users\facun\AppData\Local\Programs\MiKTeX\tex/generic/pgf/utilities\pgffor.code.tex
Package: pgffor 2025-08-29 v3.1.11a (3.1.11a)
\pgffor@iter=\dimen265
\pgffor@skip=\dimen266
\pgffor@stack=\toks33
\pgffor@toks=\toks34
)) (C:\Users\facun\AppData\Local\Programs\MiKTeX\tex/generic/pgf/frontendlayer/tikz\tikz.code.tex
Package: tikz 2025-08-29 v3.1.11a (3.1.11a)
 (C:\Users\facun\AppData\Local\Programs\MiKTeX\tex/generic/pgf/libraries\pgflibraryplothandlers.code.tex
File: pgflibraryplothandlers.code.tex 2025-08-29 v3.1.11a (3.1.11a)
\pgf@plot@mark@count=\count321
\pgfplotmarksize=\dimen267
)
\tikz@lastx=\dimen268
\tikz@lasty=\dimen269
\tikz@lastxsaved=\dimen270
\tikz@lastysaved=\dimen271
\tikz@lastmovetox=\dimen272
\tikz@lastmovetoy=\dimen273
\tikzleveldistance=\dimen274
\tikzsiblingdistance=\dimen275
\tikz@figbox=\box62
\tikz@figbox@bg=\box63
\tikz@tempbox=\box64
\tikz@tempbox@bg=\box65
\tikztreelevel=\count322
\tikznumberofchildren=\count323
\tikznumberofcurrentchild=\count324
\tikz@fig@count=\count325
 (C:\Users\facun\AppData\Local\Programs\MiKTeX\tex/generic/pgf/modules\pgfmodulematrix.code.tex
File: pgfmodulematrix.code.tex 2025-08-29 v3.1.11a (3.1.11a)
\pgfmatrixcurrentrow=\count326
\pgfmatrixcurrentcolumn=\count327
\pgf@matrix@numberofcolumns=\count328
)
\tikz@expandcount=\count329
 (C:\Users\facun\AppData\Local\Programs\MiKTeX\tex/generic/pgf/frontendlayer/tikz/libraries\tikzlibrarytopaths.code.tex
File: tikzlibrarytopaths.code.tex 2025-08-29 v3.1.11a (3.1.11a)
))) (C:\Users\facun\AppData\Local\Programs\MiKTeX\tex/latex/tools\verbatim.sty
Package: verbatim 2024-01-22 v1.5x LaTeX2e package for verbatim enhancements
\every@verbatim=\toks35
\verbatim@line=\toks36
\verbatim@in@stream=\read4
) (C:\Users\facun\AppData\Local\Programs\MiKTeX\tex/latex/environ\environ.sty
Package: environ 2014/05/04 v0.3 A new way to define environments
 (C:\Users\facun\AppData\Local\Programs\MiKTeX\tex/latex/trimspaces\trimspaces.sty
Package: trimspaces 2009/09/17 v1.1 Trim spaces around a token list
)
\@envbody=\toks37
)
\tcb@titlebox=\box66
\tcb@upperbox=\box67
\tcb@lowerbox=\box68
\tcb@phantombox=\box69
\c@tcbbreakpart=\count330
\c@tcblayer=\count331
\c@tcolorbox@number=\count332
\l__tcobox_tmpa_box=\box70
\l__tcobox_tmpa_dim=\dimen276
\tcb@temp=\box71
\tcb@temp=\box72
\tcb@temp=\box73
\tcb@temp=\box74
) (C:\Users\facun\AppData\Local\Programs\MiKTeX\tex/latex/amsmath\amsmath.sty
Package: amsmath 2025/07/09 v2.17z AMS math features
\@mathmargin=\skip52

For additional information on amsmath, use the `?' option.
(C:\Users\facun\AppData\Local\Programs\MiKTeX\tex/latex/amsmath\amstext.sty
Package: amstext 2024/11/17 v2.01 AMS text
 (C:\Users\facun\AppData\Local\Programs\MiKTeX\tex/latex/amsmath\amsgen.sty
File: amsgen.sty 1999/11/30 v2.0 generic functions
\@emptytoks=\toks38
\ex@=\dimen277
)) (C:\Users\facun\AppData\Local\Programs\MiKTeX\tex/latex/amsmath\amsbsy.sty
Package: amsbsy 1999/11/29 v1.2d Bold Symbols
\pmbraise@=\dimen278
) (C:\Users\facun\AppData\Local\Programs\MiKTeX\tex/latex/amsmath\amsopn.sty
Package: amsopn 2022/04/08 v2.04 operator names
)
\inf@bad=\count333
LaTeX Info: Redefining \frac on input line 233.
\uproot@=\count334
\leftroot@=\count335
LaTeX Info: Redefining \overline on input line 398.
LaTeX Info: Redefining \colon on input line 409.
\classnum@=\count336
\DOTSCASE@=\count337
LaTeX Info: Redefining \ldots on input line 495.
LaTeX Info: Redefining \dots on input line 498.
LaTeX Info: Redefining \cdots on input line 619.
\Mathstrutbox@=\box75
\strutbox@=\box76
LaTeX Info: Redefining \big on input line 721.
LaTeX Info: Redefining \Big on input line 722.
LaTeX Info: Redefining \bigg on input line 723.
LaTeX Info: Redefining \Bigg on input line 724.
\big@size=\dimen279
LaTeX Font Info:    Redeclaring font encoding OML on input line 742.
LaTeX Font Info:    Redeclaring font encoding OMS on input line 743.
\macc@depth=\count338
LaTeX Info: Redefining \bmod on input line 904.
LaTeX Info: Redefining \pmod on input line 909.
LaTeX Info: Redefining \smash on input line 939.
LaTeX Info: Redefining \relbar on input line 969.
LaTeX Info: Redefining \Relbar on input line 970.
\c@MaxMatrixCols=\count339
\dotsspace@=\muskip18
\c@parentequation=\count340
\dspbrk@lvl=\count341
\tag@help=\toks39
\row@=\count342
\column@=\count343
\maxfields@=\count344
\andhelp@=\toks40
\eqnshift@=\dimen280
\alignsep@=\dimen281
\tagshift@=\dimen282
\tagwidth@=\dimen283
\totwidth@=\dimen284
\lineht@=\dimen285
\@envbody=\toks41
\multlinegap=\skip53
\multlinetaggap=\skip54
\mathdisplay@stack=\toks42
LaTeX Info: Redefining \[ on input line 2950.
LaTeX Info: Redefining \] on input line 2951.
) (C:\Users\facun\AppData\Local\Programs\MiKTeX\tex/latex/float\float.sty
Package: float 2001/11/08 v1.3d Float enhancements (AL)
\c@float@type=\count345
\float@exts=\toks43
\float@box=\box77
\@float@everytoks=\toks44
\@floatcapt=\box78
) (C:\Users\facun\AppData\Local\Programs\MiKTeX\tex/latex/booktabs\booktabs.sty
Package: booktabs 2020/01/12 v1.61803398 Publication quality tables
\heavyrulewidth=\dimen286
\lightrulewidth=\dimen287
\cmidrulewidth=\dimen288
\belowrulesep=\dimen289
\belowbottomsep=\dimen290
\aboverulesep=\dimen291
\abovetopsep=\dimen292
\cmidrulesep=\dimen293
\cmidrulekern=\dimen294
\defaultaddspace=\dimen295
\@cmidla=\count346
\@cmidlb=\count347
\@aboverulesep=\dimen296
\@belowrulesep=\dimen297
\@thisruleclass=\count348
\@lastruleclass=\count349
\@thisrulewidth=\dimen298
) (C:\Users\facun\AppData\Local\Programs\MiKTeX\tex/latex/caption\subcaption.sty
Package: subcaption 2023/07/28 v1.6b Sub-captions (AR)
 (C:\Users\facun\AppData\Local\Programs\MiKTeX\tex/latex/caption\caption.sty
Package: caption 2023/08/05 v3.6o Customizing captions (AR)
 (C:\Users\facun\AppData\Local\Programs\MiKTeX\tex/latex/caption\caption3.sty
Package: caption3 2023/07/31 v2.4d caption3 kernel (AR)
\caption@tempdima=\dimen299
\captionmargin=\dimen300
\caption@leftmargin=\dimen301
\caption@rightmargin=\dimen302
\caption@width=\dimen303
\caption@indent=\dimen304
\caption@parindent=\dimen305
\caption@hangindent=\dimen306
Package caption Info: Standard document class detected.
)
\c@caption@flags=\count350
\c@continuedfloat=\count351
Package caption Info: float package is loaded.
Package caption Info: hyperref package is loaded.
Package caption Info: listings package is loaded.
)
Package caption Info: New subtype `subfigure' on input line 238.
\c@subfigure=\count352
Package caption Info: New subtype `subtable' on input line 238.
\c@subtable=\count353
) (C:\Users\facun\AppData\Local\Programs\MiKTeX\tex/latex/chngcntr\chngcntr.sty
Package: chngcntr 2018/04/09 v1.1a change counter resetting
Package chngcntr Info: \counterwithout already defined.
(chngcntr)             Quitting chngcntr on input line 21.
) (C:\Users\facun\AppData\Local\Programs\MiKTeX\tex/latex/tools\array.sty
Package: array 2025/09/25 v2.6n Tabular extension package (FMi)
\col@sep=\dimen307
\ar@mcellbox=\box79
\extrarowheight=\dimen308
\NC@list=\toks45
\extratabsurround=\skip55
\backup@length=\skip56
\ar@cellbox=\box80
) (C:\Users\facun\AppData\Local\Programs\MiKTeX\tex/latex/tools\tabularx.sty
Package: tabularx 2023/12/11 v2.12a `tabularx' package (DPC)
\TX@col@width=\dimen309
\TX@old@table=\dimen310
\TX@old@col=\dimen311
\TX@target=\dimen312
\TX@delta=\dimen313
\TX@cols=\count354
\TX@ftn=\toks46
) (C:\Users\facun\AppData\Local\Programs\MiKTeX\tex/latex/ragged2e\ragged2e.sty
Package: ragged2e 2023/06/22 v3.6 ragged2e Package
\CenteringLeftskip=\skip57
\RaggedLeftLeftskip=\skip58
\RaggedRightLeftskip=\skip59
\CenteringRightskip=\skip60
\RaggedLeftRightskip=\skip61
\RaggedRightRightskip=\skip62
\CenteringParfillskip=\skip63
\RaggedLeftParfillskip=\skip64
\RaggedRightParfillskip=\skip65
\JustifyingParfillskip=\skip66
\CenteringParindent=\skip67
\RaggedLeftParindent=\skip68
\RaggedRightParindent=\skip69
\JustifyingParindent=\skip70
) (C:\Users\facun\AppData\Local\Programs\MiKTeX\tex/latex/tcolorbox\tcblistings.code.tex
Library (tcolorbox): 'tcblistings.code.tex' version '6.9.0'
(C:\Users\facun\AppData\Local\Programs\MiKTeX\tex/latex/tcolorbox\tcblistingscore.code.tex
Library (tcolorbox): 'tcblistingscore.code.tex' version '6.9.0'
(C:\Users\facun\AppData\Local\Programs\MiKTeX\tex/latex/tcolorbox\tcbprocessing.code.tex
Library (tcolorbox): 'tcbprocessing.code.tex' version '6.9.0'
)
\c@tcblisting=\count355
)) (C:\Users\facun\AppData\Local\Programs\MiKTeX\tex/latex/tcolorbox\tcbskins.code.tex
Library (tcolorbox): 'tcbskins.code.tex' version '6.9.0'
(C:\Users\facun\AppData\Local\Programs\MiKTeX\tex/latex/tikzfill\tikzfill.image.sty
Package: tikzfill.image 2026/04/23 v1.2.0 Image filling library for TikZ
 (C:\Users\facun\AppData\Local\Programs\MiKTeX\tex/latex/tikzfill\tikzlibraryfill.image.code.tex
File: tikzlibraryfill.image.code.tex 2026/04/23 v1.2.0 Image filling library
\l__tikzfill_tmpa_dim=\dimen314
\l__tikzfill_tmpb_dim=\dimen315
\l__tikzfill_img_box=\box81
)) (C:\Users\facun\AppData\Local\Programs\MiKTeX\tex/latex/tcolorbox\tcbskinsjigsaw.code.tex
Library (tcolorbox): 'tcbskinsjigsaw.code.tex' version '6.9.0'
)) (C:\Users\facun\AppData\Local\Programs\MiKTeX\tex/latex/l3backend\l3backend-pdftex.def
File: l3backend-pdftex.def 2026-02-18 L3 backend support: PDF output (pdfTeX)
\l__color_backend_stack_int=\count356
) (Informe_FP.aux
LaTeX Info: Redefining \. on input line 11.
LaTeX Info: Redefining \% on input line 11.
Package babel Info: 'spanish' activates 'spanish' shorthands.
(babel)             Reported on input line 11.
)
\openout1 = `Informe_FP.aux'.

LaTeX Font Info:    Checking defaults for OML/cmm/m/it on input line 62.
LaTeX Font Info:    ... okay on input line 62.
LaTeX Font Info:    Checking defaults for OMS/cmsy/m/n on input line 62.
LaTeX Font Info:    ... okay on input line 62.
LaTeX Font Info:    Checking defaults for OT1/cmr/m/n on input line 62.
LaTeX Font Info:    ... okay on input line 62.
LaTeX Font Info:    Checking defaults for T1/cmr/m/n on input line 62.
LaTeX Font Info:    ... okay on input line 62.
LaTeX Font Info:    Checking defaults for TS1/cmr/m/n on input line 62.
LaTeX Font Info:    ... okay on input line 62.
LaTeX Font Info:    Checking defaults for OMX/cmex/m/n on input line 62.
LaTeX Font Info:    ... okay on input line 62.
LaTeX Font Info:    Checking defaults for U/cmr/m/n on input line 62.
LaTeX Font Info:    ... okay on input line 62.
LaTeX Font Info:    Checking defaults for PD1/pdf/m/n on input line 62.
LaTeX Font Info:    ... okay on input line 62.
LaTeX Font Info:    Checking defaults for PU/pdf/m/n on input line 62.
LaTeX Font Info:    ... okay on input line 62.
LaTeX Info: Redefining \. on input line 62.
LaTeX Info: Redefining \% on input line 62.

*geometry* driver: auto-detecting
*geometry* detected driver: pdftex
*geometry* verbose mode - [ preamble ] result:
* driver: pdftex
* paper: a4paper
* layout: <same size as paper>
* layoutoffset:(h,v)=(0.0pt,0.0pt)
* modes: 
* h-part:(L,W,R)=(89.62709pt, 418.25368pt, 89.6271pt)
* v-part:(T,H,B)=(101.40665pt, 591.5302pt, 152.11pt)
* \paperwidth=597.50787pt
* \paperheight=845.04684pt
* \textwidth=418.25368pt
* \textheight=591.5302pt
* \oddsidemargin=17.3571pt
* \evensidemargin=17.3571pt
* \topmargin=-7.86334pt
* \headheight=12.0pt
* \headsep=25.0pt
* \topskip=12.0pt
* \footskip=30.0pt
* \marginparwidth=35.0pt
* \marginparsep=10.0pt
* \columnsep=10.0pt
* \skip\footins=10.8pt plus 4.0pt minus 2.0pt
* \hoffset=0.0pt
* \voffset=0.0pt
* \mag=1000
* \@twocolumnfalse
* \@twosidefalse
* \@mparswitchfalse
* \@reversemarginfalse
* (1in=72.27pt=25.4mm, 1cm=28.453pt)

(C:\Users\facun\AppData\Local\Programs\MiKTeX\tex/context/base/mkii\supp-pdf.mkii
[Loading MPS to PDF converter (version 2006.09.02).]
\scratchcounter=\count357
\scratchdimen=\dimen316
\scratchbox=\box82
\nofMPsegments=\count358
\nofMParguments=\count359
\everyMPshowfont=\toks47
\MPscratchCnt=\count360
\MPscratchDim=\dimen317
\MPnumerator=\count361
\makeMPintoPDFobject=\count362
\everyMPtoPDFconversion=\toks48
) (C:\Users\facun\AppData\Local\Programs\MiKTeX\tex/latex/epstopdf-pkg\epstopdf-base.sty
Package: epstopdf-base 2020-01-24 v2.11 Base part for package epstopdf
Package epstopdf-base Info: Redefining graphics rule for `.eps' on input line 485.
 (C:\Users\facun\AppData\Local\Programs\MiKTeX\tex/latex/00miktex\epstopdf-sys.cfg
File: epstopdf-sys.cfg 2021/03/18 v2.0 Configuration of epstopdf for MiKTeX
))
Package hyperref Info: Link coloring OFF on input line 62.
 (Informe_FP.out) (Informe_FP.out)
\@outlinefile=\write4
\openout4 = `Informe_FP.out'.

\c@lstlisting=\count363
Package caption Info: Begin \AtBeginDocument code.
Package caption Info: End \AtBeginDocument code.
 [1

{C:/Users/facun/AppData/Local/MiKTeX/fonts/map/pdftex/pdftex.map}] (Informe_FP.toc
LaTeX Info: Redefining \. on input line 1.
LaTeX Info: Redefining \% on input line 1.
)
\tf@toc=\write5
\openout5 = `Informe_FP.toc'.

 [2] [3]
<imagenes_FP/rta_imp_1.png, id=73, 1013.2254pt x 505.89pt>
File: imagenes_FP/rta_imp_1.png Graphic file (type png)
<use imagenes_FP/rta_imp_1.png>
Package pdftex.def Info: imagenes_FP/rta_imp_1.png  used on input line 143.
(pdftex.def)             Requested size: 418.25368pt x 208.82886pt.
<imagenes_FP/rta_freq_1.png, id=76, 1013.2254pt x 428.5611pt>
File: imagenes_FP/rta_freq_1.png Graphic file (type png)
<use imagenes_FP/rta_freq_1.png>
Package pdftex.def Info: imagenes_FP/rta_freq_1.png  used on input line 153.
(pdftex.def)             Requested size: 418.25368pt x 176.90787pt.
 [4 <./imagenes_FP/rta_imp_1.png>]
<imagenes_FP/os_effect_1.png, id=85, 1013.2254pt x 505.89pt>
File: imagenes_FP/os_effect_1.png Graphic file (type png)
<use imagenes_FP/os_effect_1.png>
Package pdftex.def Info: imagenes_FP/os_effect_1.png  used on input line 171.
(pdftex.def)             Requested size: 418.25368pt x 208.82886pt.
 [5 <./imagenes_FP/rta_freq_1.png>]
<imagenes_FP/simbols1.png, id=92, 722.7pt x 433.62pt>
File: imagenes_FP/simbols1.png Graphic file (type png)
<use imagenes_FP/simbols1.png>
Package pdftex.def Info: imagenes_FP/simbols1.png  used on input line 181.
(pdftex.def)             Requested size: 418.25368pt x 250.9506pt.
<imagenes_FP/simbols_in_out1.png, id=93, 722.7pt x 433.62pt>
File: imagenes_FP/simbols_in_out1.png Graphic file (type png)
<use imagenes_FP/simbols_in_out1.png>
Package pdftex.def Info: imagenes_FP/simbols_in_out1.png  used on input line 188.
(pdftex.def)             Requested size: 418.25368pt x 250.9506pt.
 [6 <./imagenes_FP/os_effect_1.png> <./imagenes_FP/simbols1.png>]
<imagenes_FP/eye_d_filter0i.png, id=103, 462.528pt x 346.896pt>
File: imagenes_FP/eye_d_filter0i.png Graphic file (type png)
<use imagenes_FP/eye_d_filter0i.png>
Package pdftex.def Info: imagenes_FP/eye_d_filter0i.png  used on input line 202.
(pdftex.def)             Requested size: 204.9466pt x 153.70923pt.
<imagenes_FP/eye_d_filter0q.png, id=104, 462.528pt x 346.896pt>
File: imagenes_FP/eye_d_filter0q.png Graphic file (type png)
<use imagenes_FP/eye_d_filter0q.png>
Package pdftex.def Info: imagenes_FP/eye_d_filter0q.png  used on input line 207.
(pdftex.def)             Requested size: 204.9466pt x 153.70923pt.
<imagenes_FP/eye_d_filter1i.png, id=105, 462.528pt x 346.896pt>
File: imagenes_FP/eye_d_filter1i.png Graphic file (type png)
<use imagenes_FP/eye_d_filter1i.png>
Package pdftex.def Info: imagenes_FP/eye_d_filter1i.png  used on input line 219.
(pdftex.def)             Requested size: 204.9466pt x 153.70923pt.
<imagenes_FP/eye_d_filter1q.png, id=106, 462.528pt x 346.896pt>
File: imagenes_FP/eye_d_filter1q.png Graphic file (type png)
<use imagenes_FP/eye_d_filter1q.png>
Package pdftex.def Info: imagenes_FP/eye_d_filter1q.png  used on input line 224.
(pdftex.def)             Requested size: 204.9466pt x 153.70923pt.
 [7 <./imagenes_FP/simbols_in_out1.png> <./imagenes_FP/eye_d_filter0i.png> <./imagenes_FP/eye_d_filter0q.png>]
<imagenes_FP/eye_d_filter2i.png, id=118, 462.528pt x 346.896pt>
File: imagenes_FP/eye_d_filter2i.png Graphic file (type png)
<use imagenes_FP/eye_d_filter2i.png>
Package pdftex.def Info: imagenes_FP/eye_d_filter2i.png  used on input line 236.
(pdftex.def)             Requested size: 204.9466pt x 153.70923pt.
<imagenes_FP/eye_d_filter2q.png, id=119, 462.528pt x 346.896pt>
File: imagenes_FP/eye_d_filter2q.png Graphic file (type png)
<use imagenes_FP/eye_d_filter2q.png>
Package pdftex.def Info: imagenes_FP/eye_d_filter2q.png  used on input line 241.
(pdftex.def)             Requested size: 204.9466pt x 153.70923pt.
<imagenes_FP/constelation_filter0.png, id=120, 433.62pt x 433.62pt>
File: imagenes_FP/constelation_filter0.png Graphic file (type png)
<use imagenes_FP/constelation_filter0.png>
Package pdftex.def Info: imagenes_FP/constelation_filter0.png  used on input line 259.
(pdftex.def)             Requested size: 133.84424pt x 133.84517pt.
<imagenes_FP/constelation_filter1.png, id=121, 433.62pt x 433.62pt>
File: imagenes_FP/constelation_filter1.png Graphic file (type png)
<use imagenes_FP/constelation_filter1.png>
Package pdftex.def Info: imagenes_FP/constelation_filter1.png  used on input line 266.
(pdftex.def)             Requested size: 133.84424pt x 133.84517pt.
<imagenes_FP/constelation_filter2.png, id=122, 433.62pt x 433.62pt>
File: imagenes_FP/constelation_filter2.png Graphic file (type png)
<use imagenes_FP/constelation_filter2.png>
Package pdftex.def Info: imagenes_FP/constelation_filter2.png  used on input line 273.
(pdftex.def)             Requested size: 133.84424pt x 133.84517pt.
 [8 <./imagenes_FP/eye_d_filter1i.png> <./imagenes_FP/eye_d_filter1q.png> <./imagenes_FP/eye_d_filter2i.png> <./imagenes_FP/eye_d_filter2q.png>]
<imagenes_FP/constelation_filter0_opt.png, id=133, 433.62pt x 433.62pt>
File: imagenes_FP/constelation_filter0_opt.png Graphic file (type png)
<use imagenes_FP/constelation_filter0_opt.png>
Package pdftex.def Info: imagenes_FP/constelation_filter0_opt.png  used on input line 293.
(pdftex.def)             Requested size: 133.84424pt x 133.84517pt.
<imagenes_FP/constelation_filter1_opt.png, id=134, 433.62pt x 433.62pt>
File: imagenes_FP/constelation_filter1_opt.png Graphic file (type png)
<use imagenes_FP/constelation_filter1_opt.png>
Package pdftex.def Info: imagenes_FP/constelation_filter1_opt.png  used on input line 300.
(pdftex.def)             Requested size: 133.84424pt x 133.84517pt.
<imagenes_FP/constelation_filter2_opt.png, id=135, 433.62pt x 433.62pt>
File: imagenes_FP/constelation_filter2_opt.png Graphic file (type png)
<use imagenes_FP/constelation_filter2_opt.png>
Package pdftex.def Info: imagenes_FP/constelation_filter2_opt.png  used on input line 307.
(pdftex.def)             Requested size: 133.84424pt x 133.84517pt.
 [9 <./imagenes_FP/constelation_filter0.png> <./imagenes_FP/constelation_filter1.png> <./imagenes_FP/constelation_filter2.png> <./imagenes_FP/constelation_filter0_opt.png> <./imagenes_FP/constelation_filter1_opt.png> <./imagenes_FP/constelation_filter2_opt.png>]
<imagenes_FP/rta_imp_8,7_trunc.png, id=150, 1013.2254pt x 505.89pt>
File: imagenes_FP/rta_imp_8,7_trunc.png Graphic file (type png)
<use imagenes_FP/rta_imp_8,7_trunc.png>
Package pdftex.def Info: imagenes_FP/rta_imp_8,7_trunc.png  used on input line 337.
(pdftex.def)             Requested size: 204.9466pt x 102.32637pt.
<imagenes_FP/rta_freq_8,7_trunc.png, id=151, 1013.2254pt x 433.62pt>
File: imagenes_FP/rta_freq_8,7_trunc.png Graphic file (type png)
<use imagenes_FP/rta_freq_8,7_trunc.png>
Package pdftex.def Info: imagenes_FP/rta_freq_8,7_trunc.png  used on input line 344.
(pdftex.def)             Requested size: 204.9466pt x 87.70831pt.
<imagenes_FP/os_effect_8,7_trunc.png, id=152, 1013.2254pt x 505.89pt>
File: imagenes_FP/os_effect_8,7_trunc.png Graphic file (type png)
<use imagenes_FP/os_effect_8,7_trunc.png>
Package pdftex.def Info: imagenes_FP/os_effect_8,7_trunc.png  used on input line 356.
(pdftex.def)             Requested size: 204.9466pt x 102.32637pt.
<imagenes_FP/simbols_in_out8,7_trunc.png, id=153, 724.1454pt x 433.62pt>
File: imagenes_FP/simbols_in_out8,7_trunc.png Graphic file (type png)
<use imagenes_FP/simbols_in_out8,7_trunc.png>
Package pdftex.def Info: imagenes_FP/simbols_in_out8,7_trunc.png  used on input line 363.
(pdftex.def)             Requested size: 204.9466pt x 122.72284pt.
<imagenes_FP/eye_d_filter0i8,7_trunc.png, id=154, 463.9734pt x 346.896pt>
File: imagenes_FP/eye_d_filter0i8,7_trunc.png Graphic file (type png)
<use imagenes_FP/eye_d_filter0i8,7_trunc.png>
Package pdftex.def Info: imagenes_FP/eye_d_filter0i8,7_trunc.png  used on input line 375.
(pdftex.def)             Requested size: 204.9466pt x 153.22754pt.
<imagenes_FP/eye_d_filter0q8,7_trunc.png, id=155, 463.9734pt x 346.896pt>
File: imagenes_FP/eye_d_filter0q8,7_trunc.png Graphic file (type png)
<use imagenes_FP/eye_d_filter0q8,7_trunc.png>
Package pdftex.def Info: imagenes_FP/eye_d_filter0q8,7_trunc.png  used on input line 380.
(pdftex.def)             Requested size: 204.9466pt x 153.22754pt.
 [10 <./imagenes_FP/rta_imp_8,7_trunc.png> <./imagenes_FP/rta_freq_8,7_trunc.png> <./imagenes_FP/os_effect_8,7_trunc.png> <./imagenes_FP/simbols_in_out8,7_trunc.png>]
<imagenes_FP/eye_d_filter1i8,7_trunc.png, id=166, 463.9734pt x 346.896pt>
File: imagenes_FP/eye_d_filter1i8,7_trunc.png Graphic file (type png)
<use imagenes_FP/eye_d_filter1i8,7_trunc.png>
Package pdftex.def Info: imagenes_FP/eye_d_filter1i8,7_trunc.png  used on input line 391.
(pdftex.def)             Requested size: 204.9466pt x 153.22754pt.
<imagenes_FP/eye_d_filter1q8,7_trunc.png, id=167, 463.9734pt x 346.896pt>
File: imagenes_FP/eye_d_filter1q8,7_trunc.png Graphic file (type png)
<use imagenes_FP/eye_d_filter1q8,7_trunc.png>
Package pdftex.def Info: imagenes_FP/eye_d_filter1q8,7_trunc.png  used on input line 396.
(pdftex.def)             Requested size: 204.9466pt x 153.22754pt.
<imagenes_FP/eye_d_filter2i8,7_trunc.png, id=168, 462.528pt x 346.896pt>
File: imagenes_FP/eye_d_filter2i8,7_trunc.png Graphic file (type png)
<use imagenes_FP/eye_d_filter2i8,7_trunc.png>
Package pdftex.def Info: imagenes_FP/eye_d_filter2i8,7_trunc.png  used on input line 407.
(pdftex.def)             Requested size: 204.9466pt x 153.70923pt.
<imagenes_FP/eye_d_filter2q8,7_trunc.png, id=169, 462.528pt x 346.896pt>
File: imagenes_FP/eye_d_filter2q8,7_trunc.png Graphic file (type png)
<use imagenes_FP/eye_d_filter2q8,7_trunc.png>
Package pdftex.def Info: imagenes_FP/eye_d_filter2q8,7_trunc.png  used on input line 412.
(pdftex.def)             Requested size: 204.9466pt x 153.70923pt.
<imagenes_FP/constelation_filter0_opt8,7_trunc.png, id=170, 433.62pt x 433.62pt>
File: imagenes_FP/constelation_filter0_opt8,7_trunc.png Graphic file (type png)
<use imagenes_FP/constelation_filter0_opt8,7_trunc.png>
Package pdftex.def Info: imagenes_FP/constelation_filter0_opt8,7_trunc.png  used on input line 423.
(pdftex.def)             Requested size: 133.84424pt x 133.84517pt.
<imagenes_FP/constelation_filter1_opt8,7_trunc.png, id=171, 433.62pt x 433.62pt>
File: imagenes_FP/constelation_filter1_opt8,7_trunc.png Graphic file (type png)
<use imagenes_FP/constelation_filter1_opt8,7_trunc.png>
Package pdftex.def Info: imagenes_FP/constelation_filter1_opt8,7_trunc.png  used on input line 429.
(pdftex.def)             Requested size: 133.84424pt x 133.84517pt.
<imagenes_FP/constelation_filter2_opt8,7_trunc.png, id=172, 433.62pt x 433.62pt>
File: imagenes_FP/constelation_filter2_opt8,7_trunc.png Graphic file (type png)
<use imagenes_FP/constelation_filter2_opt8,7_trunc.png>
Package pdftex.def Info: imagenes_FP/constelation_filter2_opt8,7_trunc.png  used on input line 435.
(pdftex.def)             Requested size: 133.84424pt x 133.84517pt.
 [11 <./imagenes_FP/eye_d_filter0i8,7_trunc.png> <./imagenes_FP/eye_d_filter0q8,7_trunc.png> <./imagenes_FP/eye_d_filter1i8,7_trunc.png> <./imagenes_FP/eye_d_filter1q8,7_trunc.png> <./imagenes_FP/eye_d_filter2i8,7_trunc.png> <./imagenes_FP/eye_d_filter2q8,7_trunc.png>]
<imagenes_FP/eye_d_filter0i8,7_round.png, id=186, 462.528pt x 346.896pt>
File: imagenes_FP/eye_d_filter0i8,7_round.png Graphic file (type png)
<use imagenes_FP/eye_d_filter0i8,7_round.png>
Package pdftex.def Info: imagenes_FP/eye_d_filter0i8,7_round.png  used on input line 451.
(pdftex.def)             Requested size: 204.9466pt x 153.70923pt.
<imagenes_FP/eye_d_filter0q8,7_round.png, id=187, 462.528pt x 346.896pt>
File: imagenes_FP/eye_d_filter0q8,7_round.png Graphic file (type png)
<use imagenes_FP/eye_d_filter0q8,7_round.png>
Package pdftex.def Info: imagenes_FP/eye_d_filter0q8,7_round.png  used on input line 456.
(pdftex.def)             Requested size: 204.9466pt x 153.70923pt.
<imagenes_FP/eye_d_filter1i8,7_round.png, id=188, 462.528pt x 346.896pt>
File: imagenes_FP/eye_d_filter1i8,7_round.png Graphic file (type png)
<use imagenes_FP/eye_d_filter1i8,7_round.png>
Package pdftex.def Info: imagenes_FP/eye_d_filter1i8,7_round.png  used on input line 467.
(pdftex.def)             Requested size: 204.9466pt x 153.70923pt.
<imagenes_FP/eye_d_filter1q8,7_round.png, id=189, 462.528pt x 346.896pt>
File: imagenes_FP/eye_d_filter1q8,7_round.png Graphic file (type png)
<use imagenes_FP/eye_d_filter1q8,7_round.png>
Package pdftex.def Info: imagenes_FP/eye_d_filter1q8,7_round.png  used on input line 472.
(pdftex.def)             Requested size: 204.9466pt x 153.70923pt.
 [12 <./imagenes_FP/constelation_filter0_opt8,7_trunc.png> <./imagenes_FP/constelation_filter1_opt8,7_trunc.png> <./imagenes_FP/constelation_filter2_opt8,7_trunc.png> <./imagenes_FP/eye_d_filter0i8,7_round.png> <./imagenes_FP/eye_d_filter0q8,7_round.png>]
<imagenes_FP/eye_d_filter2i8,7_round.png, id=201, 462.528pt x 346.896pt>
File: imagenes_FP/eye_d_filter2i8,7_round.png Graphic file (type png)
<use imagenes_FP/eye_d_filter2i8,7_round.png>
Package pdftex.def Info: imagenes_FP/eye_d_filter2i8,7_round.png  used on input line 483.
(pdftex.def)             Requested size: 204.9466pt x 153.70923pt.
<imagenes_FP/eye_d_filter2q8,7_round.png, id=202, 462.528pt x 346.896pt>
File: imagenes_FP/eye_d_filter2q8,7_round.png Graphic file (type png)
<use imagenes_FP/eye_d_filter2q8,7_round.png>
Package pdftex.def Info: imagenes_FP/eye_d_filter2q8,7_round.png  used on input line 488.
(pdftex.def)             Requested size: 204.9466pt x 153.70923pt.
<imagenes_FP/constelation_filters_opt8,7_round.png, id=203, 433.62pt x 433.62pt>
File: imagenes_FP/constelation_filters_opt8,7_round.png Graphic file (type png)
<use imagenes_FP/constelation_filters_opt8,7_round.png>
Package pdftex.def Info: imagenes_FP/constelation_filters_opt8,7_round.png  used on input line 499.
(pdftex.def)             Requested size: 133.84424pt x 133.84517pt.
File: imagenes_FP/constelation_filters_opt8,7_round.png Graphic file (type png)
<use imagenes_FP/constelation_filters_opt8,7_round.png>
Package pdftex.def Info: imagenes_FP/constelation_filters_opt8,7_round.png  used on input line 505.
(pdftex.def)             Requested size: 133.84424pt x 133.84517pt.
File: imagenes_FP/constelation_filters_opt8,7_round.png Graphic file (type png)
<use imagenes_FP/constelation_filters_opt8,7_round.png>
Package pdftex.def Info: imagenes_FP/constelation_filters_opt8,7_round.png  used on input line 511.
(pdftex.def)             Requested size: 133.84424pt x 133.84517pt.
 [13 <./imagenes_FP/eye_d_filter1i8,7_round.png> <./imagenes_FP/eye_d_filter1q8,7_round.png> <./imagenes_FP/eye_d_filter2i8,7_round.png> <./imagenes_FP/eye_d_filter2q8,7_round.png> <./imagenes_FP/constelation_filters_opt8,7_round.png>]
<imagenes_FP/rta_imp_3,2_trunc.png, id=217, 1013.2254pt x 505.89pt>
File: imagenes_FP/rta_imp_3,2_trunc.png Graphic file (type png)
<use imagenes_FP/rta_imp_3,2_trunc.png>
Package pdftex.def Info: imagenes_FP/rta_imp_3,2_trunc.png  used on input line 530.
(pdftex.def)             Requested size: 204.9466pt x 102.32637pt.
<imagenes_FP/rta_freq_3,2_trunc.png, id=218, 1013.2254pt x 433.62pt>
File: imagenes_FP/rta_freq_3,2_trunc.png Graphic file (type png)
<use imagenes_FP/rta_freq_3,2_trunc.png>
Package pdftex.def Info: imagenes_FP/rta_freq_3,2_trunc.png  used on input line 537.
(pdftex.def)             Requested size: 204.9466pt x 87.70831pt.
<imagenes_FP/os_effect_3,2_trunc.png, id=219, 1013.2254pt x 505.89pt>
File: imagenes_FP/os_effect_3,2_trunc.png Graphic file (type png)
<use imagenes_FP/os_effect_3,2_trunc.png>
Package pdftex.def Info: imagenes_FP/os_effect_3,2_trunc.png  used on input line 549.
(pdftex.def)             Requested size: 204.9466pt x 102.32637pt.
<imagenes_FP/simbols_in_out3,2_trunc.png, id=220, 724.1454pt x 433.62pt>
File: imagenes_FP/simbols_in_out3,2_trunc.png Graphic file (type png)
<use imagenes_FP/simbols_in_out3,2_trunc.png>
Package pdftex.def Info: imagenes_FP/simbols_in_out3,2_trunc.png  used on input line 556.
(pdftex.def)             Requested size: 204.9466pt x 122.72284pt.
<imagenes_FP/eye_d_filter0i3,2_trunc.png, id=221, 462.528pt x 346.896pt>
File: imagenes_FP/eye_d_filter0i3,2_trunc.png Graphic file (type png)
<use imagenes_FP/eye_d_filter0i3,2_trunc.png>
Package pdftex.def Info: imagenes_FP/eye_d_filter0i3,2_trunc.png  used on input line 568.
(pdftex.def)             Requested size: 204.9466pt x 153.70923pt.
<imagenes_FP/eye_d_filter0q3,2_trunc.png, id=222, 462.528pt x 346.896pt>
File: imagenes_FP/eye_d_filter0q3,2_trunc.png Graphic file (type png)
<use imagenes_FP/eye_d_filter0q3,2_trunc.png>
Package pdftex.def Info: imagenes_FP/eye_d_filter0q3,2_trunc.png  used on input line 573.
(pdftex.def)             Requested size: 204.9466pt x 153.70923pt.
 [14 <./imagenes_FP/rta_imp_3,2_trunc.png> <./imagenes_FP/rta_freq_3,2_trunc.png> <./imagenes_FP/os_effect_3,2_trunc.png> <./imagenes_FP/simbols_in_out3,2_trunc.png>]
<imagenes_FP/eye_d_filter1i3,2_trunc.png, id=233, 462.528pt x 346.896pt>
File: imagenes_FP/eye_d_filter1i3,2_trunc.png Graphic file (type png)
<use imagenes_FP/eye_d_filter1i3,2_trunc.png>
Package pdftex.def Info: imagenes_FP/eye_d_filter1i3,2_trunc.png  used on input line 584.
(pdftex.def)             Requested size: 204.9466pt x 153.70923pt.
<imagenes_FP/eye_d_filter1q3,2_trunc.png, id=234, 462.528pt x 346.896pt>
File: imagenes_FP/eye_d_filter1q3,2_trunc.png Graphic file (type png)
<use imagenes_FP/eye_d_filter1q3,2_trunc.png>
Package pdftex.def Info: imagenes_FP/eye_d_filter1q3,2_trunc.png  used on input line 589.
(pdftex.def)             Requested size: 204.9466pt x 153.70923pt.
<imagenes_FP/eye_d_filter2i3,2_trunc.png, id=235, 462.528pt x 346.896pt>
File: imagenes_FP/eye_d_filter2i3,2_trunc.png Graphic file (type png)
<use imagenes_FP/eye_d_filter2i3,2_trunc.png>
Package pdftex.def Info: imagenes_FP/eye_d_filter2i3,2_trunc.png  used on input line 600.
(pdftex.def)             Requested size: 204.9466pt x 153.70923pt.
<imagenes_FP/eye_d_filter2q3,2_trunc.png, id=236, 462.528pt x 346.896pt>
File: imagenes_FP/eye_d_filter2q3,2_trunc.png Graphic file (type png)
<use imagenes_FP/eye_d_filter2q3,2_trunc.png>
Package pdftex.def Info: imagenes_FP/eye_d_filter2q3,2_trunc.png  used on input line 605.
(pdftex.def)             Requested size: 204.9466pt x 153.70923pt.
<imagenes_FP/constelation_filter0_opt3,2_trunc.png, id=237, 433.62pt x 433.62pt>
File: imagenes_FP/constelation_filter0_opt3,2_trunc.png Graphic file (type png)
<use imagenes_FP/constelation_filter0_opt3,2_trunc.png>
Package pdftex.def Info: imagenes_FP/constelation_filter0_opt3,2_trunc.png  used on input line 616.
(pdftex.def)             Requested size: 133.84424pt x 133.84517pt.
<imagenes_FP/constelation_filter1_opt3,2_trunc.png, id=238, 433.62pt x 433.62pt>
File: imagenes_FP/constelation_filter1_opt3,2_trunc.png Graphic file (type png)
<use imagenes_FP/constelation_filter1_opt3,2_trunc.png>
Package pdftex.def Info: imagenes_FP/constelation_filter1_opt3,2_trunc.png  used on input line 622.
(pdftex.def)             Requested size: 133.84424pt x 133.84517pt.
<imagenes_FP/constelation_filter2_opt3,2_trunc.png, id=239, 433.62pt x 433.62pt>
File: imagenes_FP/constelation_filter2_opt3,2_trunc.png Graphic file (type png)
<use imagenes_FP/constelation_filter2_opt3,2_trunc.png>
Package pdftex.def Info: imagenes_FP/constelation_filter2_opt3,2_trunc.png  used on input line 628.
(pdftex.def)             Requested size: 133.84424pt x 133.84517pt.
 [15 <./imagenes_FP/eye_d_filter0i3,2_trunc.png> <./imagenes_FP/eye_d_filter0q3,2_trunc.png> <./imagenes_FP/eye_d_filter1i3,2_trunc.png> <./imagenes_FP/eye_d_filter1q3,2_trunc.png> <./imagenes_FP/eye_d_filter2i3,2_trunc.png> <./imagenes_FP/eye_d_filter2q3,2_trunc.png>]
<imagenes_FP/rta_imp_3,2_round.png, id=253, 1011.78pt x 505.89pt>
File: imagenes_FP/rta_imp_3,2_round.png Graphic file (type png)
<use imagenes_FP/rta_imp_3,2_round.png>
Package pdftex.def Info: imagenes_FP/rta_imp_3,2_round.png  used on input line 642.
(pdftex.def)             Requested size: 204.9466pt x 102.47304pt.
<imagenes_FP/rta_freq_3,2_round.png, id=254, 1011.78pt x 433.62pt>
File: imagenes_FP/rta_freq_3,2_round.png Graphic file (type png)
<use imagenes_FP/rta_freq_3,2_round.png>
Package pdftex.def Info: imagenes_FP/rta_freq_3,2_round.png  used on input line 649.
(pdftex.def)             Requested size: 204.9466pt x 87.83403pt.
<imagenes_FP/os_effect_3,2_round.png, id=255, 1013.2254pt x 505.89pt>
File: imagenes_FP/os_effect_3,2_round.png Graphic file (type png)
<use imagenes_FP/os_effect_3,2_round.png>
Package pdftex.def Info: imagenes_FP/os_effect_3,2_round.png  used on input line 661.
(pdftex.def)             Requested size: 204.9466pt x 102.32637pt.
<imagenes_FP/simbols_in_out3,2_round.png, id=256, 722.7pt x 433.62pt>
File: imagenes_FP/simbols_in_out3,2_round.png Graphic file (type png)
<use imagenes_FP/simbols_in_out3,2_round.png>
Package pdftex.def Info: imagenes_FP/simbols_in_out3,2_round.png  used on input line 668.
(pdftex.def)             Requested size: 204.9466pt x 122.96765pt.
<imagenes_FP/eye_d_filter0i3,2_round.png, id=257, 462.528pt x 346.896pt>
File: imagenes_FP/eye_d_filter0i3,2_round.png Graphic file (type png)
<use imagenes_FP/eye_d_filter0i3,2_round.png>
Package pdftex.def Info: imagenes_FP/eye_d_filter0i3,2_round.png  used on input line 680.
(pdftex.def)             Requested size: 204.9466pt x 153.70923pt.
<imagenes_FP/eye_d_filter0q3,2_round.png, id=258, 462.528pt x 346.896pt>
File: imagenes_FP/eye_d_filter0q3,2_round.png Graphic file (type png)
<use imagenes_FP/eye_d_filter0q3,2_round.png>
Package pdftex.def Info: imagenes_FP/eye_d_filter0q3,2_round.png  used on input line 685.
(pdftex.def)             Requested size: 204.9466pt x 153.70923pt.
 [16 <./imagenes_FP/constelation_filter0_opt3,2_trunc.png> <./imagenes_FP/constelation_filter1_opt3,2_trunc.png> <./imagenes_FP/constelation_filter2_opt3,2_trunc.png> <./imagenes_FP/rta_imp_3,2_round.png> <./imagenes_FP/rta_freq_3,2_round.png> <./imagenes_FP/os_effect_3,2_round.png> <./imagenes_FP/simbols_in_out3,2_round.png>]
<imagenes_FP/eye_d_filter1i3,2_round.png, id=273, 462.528pt x 346.896pt>
File: imagenes_FP/eye_d_filter1i3,2_round.png Graphic file (type png)
<use imagenes_FP/eye_d_filter1i3,2_round.png>
Package pdftex.def Info: imagenes_FP/eye_d_filter1i3,2_round.png  used on input line 696.
(pdftex.def)             Requested size: 204.9466pt x 153.70923pt.
<imagenes_FP/eye_d_filter1q3,2_round.png, id=274, 462.528pt x 346.896pt>
File: imagenes_FP/eye_d_filter1q3,2_round.png Graphic file (type png)
<use imagenes_FP/eye_d_filter1q3,2_round.png>
Package pdftex.def Info: imagenes_FP/eye_d_filter1q3,2_round.png  used on input line 701.
(pdftex.def)             Requested size: 204.9466pt x 153.70923pt.
<imagenes_FP/eye_d_filter2i3,2_round.png, id=275, 462.528pt x 346.896pt>
File: imagenes_FP/eye_d_filter2i3,2_round.png Graphic file (type png)
<use imagenes_FP/eye_d_filter2i3,2_round.png>
Package pdftex.def Info: imagenes_FP/eye_d_filter2i3,2_round.png  used on input line 712.
(pdftex.def)             Requested size: 204.9466pt x 153.70923pt.
<imagenes_FP/eye_d_filter2q3,2_round.png, id=276, 462.528pt x 346.896pt>
File: imagenes_FP/eye_d_filter2q3,2_round.png Graphic file (type png)
<use imagenes_FP/eye_d_filter2q3,2_round.png>
Package pdftex.def Info: imagenes_FP/eye_d_filter2q3,2_round.png  used on input line 717.
(pdftex.def)             Requested size: 204.9466pt x 153.70923pt.
<imagenes_FP/constelation_filters_opt3,2_round.png, id=277, 433.62pt x 433.62pt>
File: imagenes_FP/constelation_filters_opt3,2_round.png Graphic file (type png)
<use imagenes_FP/constelation_filters_opt3,2_round.png>
Package pdftex.def Info: imagenes_FP/constelation_filters_opt3,2_round.png  used on input line 728.
(pdftex.def)             Requested size: 133.84424pt x 133.84517pt.
File: imagenes_FP/constelation_filters_opt3,2_round.png Graphic file (type png)
<use imagenes_FP/constelation_filters_opt3,2_round.png>
Package pdftex.def Info: imagenes_FP/constelation_filters_opt3,2_round.png  used on input line 734.
(pdftex.def)             Requested size: 133.84424pt x 133.84517pt.
File: imagenes_FP/constelation_filters_opt3,2_round.png Graphic file (type png)
<use imagenes_FP/constelation_filters_opt3,2_round.png>
Package pdftex.def Info: imagenes_FP/constelation_filters_opt3,2_round.png  used on input line 740.
(pdftex.def)             Requested size: 133.84424pt x 133.84517pt.
 [17 <./imagenes_FP/eye_d_filter0i3,2_round.png> <./imagenes_FP/eye_d_filter0q3,2_round.png> <./imagenes_FP/eye_d_filter1i3,2_round.png> <./imagenes_FP/eye_d_filter1q3,2_round.png> <./imagenes_FP/eye_d_filter2i3,2_round.png> <./imagenes_FP/eye_d_filter2q3,2_round.png>]
<imagenes_FP/rta_imp_6,4_trunc.png, id=291, 1013.2254pt x 505.89pt>
File: imagenes_FP/rta_imp_6,4_trunc.png Graphic file (type png)
<use imagenes_FP/rta_imp_6,4_trunc.png>
Package pdftex.def Info: imagenes_FP/rta_imp_6,4_trunc.png  used on input line 757.
(pdftex.def)             Requested size: 204.9466pt x 102.32637pt.
<imagenes_FP/rta_freq_6,4_trunc.png, id=292, 1013.2254pt x 433.62pt>
File: imagenes_FP/rta_freq_6,4_trunc.png Graphic file (type png)
<use imagenes_FP/rta_freq_6,4_trunc.png>
Package pdftex.def Info: imagenes_FP/rta_freq_6,4_trunc.png  used on input line 764.
(pdftex.def)             Requested size: 204.9466pt x 87.70831pt.
<imagenes_FP/os_effect_6,4_trunc.png, id=293, 1013.2254pt x 505.89pt>
File: imagenes_FP/os_effect_6,4_trunc.png Graphic file (type png)
<use imagenes_FP/os_effect_6,4_trunc.png>
Package pdftex.def Info: imagenes_FP/os_effect_6,4_trunc.png  used on input line 776.
(pdftex.def)             Requested size: 204.9466pt x 102.32637pt.
<imagenes_FP/simbols_in_out6,4_trunc.png, id=294, 722.7pt x 433.62pt>
File: imagenes_FP/simbols_in_out6,4_trunc.png Graphic file (type png)
<use imagenes_FP/simbols_in_out6,4_trunc.png>
Package pdftex.def Info: imagenes_FP/simbols_in_out6,4_trunc.png  used on input line 783.
(pdftex.def)             Requested size: 204.9466pt x 122.96765pt.
 [18 <./imagenes_FP/constelation_filters_opt3,2_round.png> <./imagenes_FP/rta_imp_6,4_trunc.png> <./imagenes_FP/rta_freq_6,4_trunc.png>]
<imagenes_FP/eye_d_filter0i6,4_trunc.png, id=304, 462.528pt x 346.896pt>
File: imagenes_FP/eye_d_filter0i6,4_trunc.png Graphic file (type png)
<use imagenes_FP/eye_d_filter0i6,4_trunc.png>
Package pdftex.def Info: imagenes_FP/eye_d_filter0i6,4_trunc.png  used on input line 795.
(pdftex.def)             Requested size: 204.9466pt x 153.70923pt.
<imagenes_FP/eye_d_filter0q6,4_trunc.png, id=305, 462.528pt x 346.896pt>
File: imagenes_FP/eye_d_filter0q6,4_trunc.png Graphic file (type png)
<use imagenes_FP/eye_d_filter0q6,4_trunc.png>
Package pdftex.def Info: imagenes_FP/eye_d_filter0q6,4_trunc.png  used on input line 800.
(pdftex.def)             Requested size: 204.9466pt x 153.70923pt.
<imagenes_FP/eye_d_filter1i6,4_trunc.png, id=306, 462.528pt x 346.896pt>
File: imagenes_FP/eye_d_filter1i6,4_trunc.png Graphic file (type png)
<use imagenes_FP/eye_d_filter1i6,4_trunc.png>
Package pdftex.def Info: imagenes_FP/eye_d_filter1i6,4_trunc.png  used on input line 811.
(pdftex.def)             Requested size: 204.9466pt x 153.70923pt.
<imagenes_FP/eye_d_filter1q6,4_trunc.png, id=307, 462.528pt x 346.896pt>
File: imagenes_FP/eye_d_filter1q6,4_trunc.png Graphic file (type png)
<use imagenes_FP/eye_d_filter1q6,4_trunc.png>
Package pdftex.def Info: imagenes_FP/eye_d_filter1q6,4_trunc.png  used on input line 816.
(pdftex.def)             Requested size: 204.9466pt x 153.70923pt.
<imagenes_FP/eye_d_filter2i6,4_trunc.png, id=308, 462.528pt x 346.896pt>
File: imagenes_FP/eye_d_filter2i6,4_trunc.png Graphic file (type png)
<use imagenes_FP/eye_d_filter2i6,4_trunc.png>
Package pdftex.def Info: imagenes_FP/eye_d_filter2i6,4_trunc.png  used on input line 827.
(pdftex.def)             Requested size: 204.9466pt x 153.70923pt.
<imagenes_FP/eye_d_filter2q6,4_trunc.png, id=309, 462.528pt x 346.896pt>
File: imagenes_FP/eye_d_filter2q6,4_trunc.png Graphic file (type png)
<use imagenes_FP/eye_d_filter2q6,4_trunc.png>
Package pdftex.def Info: imagenes_FP/eye_d_filter2q6,4_trunc.png  used on input line 832.
(pdftex.def)             Requested size: 204.9466pt x 153.70923pt.
 [19 <./imagenes_FP/os_effect_6,4_trunc.png> <./imagenes_FP/simbols_in_out6,4_trunc.png> <./imagenes_FP/eye_d_filter0i6,4_trunc.png> <./imagenes_FP/eye_d_filter0q6,4_trunc.png> <./imagenes_FP/eye_d_filter1i6,4_trunc.png> <./imagenes_FP/eye_d_filter1q6,4_trunc.png>]
<imagenes_FP/constelation_filter0_opt6,4_trunc.png, id=324, 433.62pt x 433.62pt>
File: imagenes_FP/constelation_filter0_opt6,4_trunc.png Graphic file (type png)
<use imagenes_FP/constelation_filter0_opt6,4_trunc.png>
Package pdftex.def Info: imagenes_FP/constelation_filter0_opt6,4_trunc.png  used on input line 843.
(pdftex.def)             Requested size: 133.84424pt x 133.84517pt.
<imagenes_FP/constelation_filter1_opt6,4_trunc.png, id=325, 433.62pt x 433.62pt>
File: imagenes_FP/constelation_filter1_opt6,4_trunc.png Graphic file (type png)
<use imagenes_FP/constelation_filter1_opt6,4_trunc.png>
Package pdftex.def Info: imagenes_FP/constelation_filter1_opt6,4_trunc.png  used on input line 849.
(pdftex.def)             Requested size: 133.84424pt x 133.84517pt.
<imagenes_FP/constelation_filter2_opt6,4_trunc.png, id=326, 433.62pt x 433.62pt>
File: imagenes_FP/constelation_filter2_opt6,4_trunc.png Graphic file (type png)
<use imagenes_FP/constelation_filter2_opt6,4_trunc.png>
Package pdftex.def Info: imagenes_FP/constelation_filter2_opt6,4_trunc.png  used on input line 855.
(pdftex.def)             Requested size: 133.84424pt x 133.84517pt.
<imagenes_FP/rta_imp_6,4_round.png, id=327, 1011.78pt x 505.89pt>
File: imagenes_FP/rta_imp_6,4_round.png Graphic file (type png)
<use imagenes_FP/rta_imp_6,4_round.png>
Package pdftex.def Info: imagenes_FP/rta_imp_6,4_round.png  used on input line 869.
(pdftex.def)             Requested size: 204.9466pt x 102.47304pt.
<imagenes_FP/rta_freq_6,4_round.png, id=328, 1011.78pt x 433.62pt>
File: imagenes_FP/rta_freq_6,4_round.png Graphic file (type png)
<use imagenes_FP/rta_freq_6,4_round.png>
Package pdftex.def Info: imagenes_FP/rta_freq_6,4_round.png  used on input line 876.
(pdftex.def)             Requested size: 204.9466pt x 87.83403pt.
<imagenes_FP/os_effect_6,4_round.png, id=329, 1011.78pt x 505.89pt>
File: imagenes_FP/os_effect_6,4_round.png Graphic file (type png)
<use imagenes_FP/os_effect_6,4_round.png>
Package pdftex.def Info: imagenes_FP/os_effect_6,4_round.png  used on input line 888.
(pdftex.def)             Requested size: 204.9466pt x 102.47304pt.
<imagenes_FP/simbols_in_out6,4_round.png, id=330, 722.7pt x 433.62pt>
File: imagenes_FP/simbols_in_out6,4_round.png Graphic file (type png)
<use imagenes_FP/simbols_in_out6,4_round.png>
Package pdftex.def Info: imagenes_FP/simbols_in_out6,4_round.png  used on input line 895.
(pdftex.def)             Requested size: 204.9466pt x 122.96765pt.
 [20 <./imagenes_FP/eye_d_filter2i6,4_trunc.png> <./imagenes_FP/eye_d_filter2q6,4_trunc.png> <./imagenes_FP/constelation_filter0_opt6,4_trunc.png> <./imagenes_FP/constelation_filter1_opt6,4_trunc.png> <./imagenes_FP/constelation_filter2_opt6,4_trunc.png> <./imagenes_FP/rta_imp_6,4_round.png> <./imagenes_FP/rta_freq_6,4_round.png>]
<imagenes_FP/eye_d_filter0i6,4_round.png, id=345, 462.528pt x 346.896pt>
File: imagenes_FP/eye_d_filter0i6,4_round.png Graphic file (type png)
<use imagenes_FP/eye_d_filter0i6,4_round.png>
Package pdftex.def Info: imagenes_FP/eye_d_filter0i6,4_round.png  used on input line 907.
(pdftex.def)             Requested size: 204.9466pt x 153.70923pt.
<imagenes_FP/eye_d_filter0q6,4_round.png, id=346, 462.528pt x 346.896pt>
File: imagenes_FP/eye_d_filter0q6,4_round.png Graphic file (type png)
<use imagenes_FP/eye_d_filter0q6,4_round.png>
Package pdftex.def Info: imagenes_FP/eye_d_filter0q6,4_round.png  used on input line 912.
(pdftex.def)             Requested size: 204.9466pt x 153.70923pt.
<imagenes_FP/eye_d_filter1i6,4_round.png, id=347, 462.528pt x 346.896pt>
File: imagenes_FP/eye_d_filter1i6,4_round.png Graphic file (type png)
<use imagenes_FP/eye_d_filter1i6,4_round.png>
Package pdftex.def Info: imagenes_FP/eye_d_filter1i6,4_round.png  used on input line 923.
(pdftex.def)             Requested size: 204.9466pt x 153.70923pt.
<imagenes_FP/eye_d_filter1q6,4_round.png, id=348, 462.528pt x 346.896pt>
File: imagenes_FP/eye_d_filter1q6,4_round.png Graphic file (type png)
<use imagenes_FP/eye_d_filter1q6,4_round.png>
Package pdftex.def Info: imagenes_FP/eye_d_filter1q6,4_round.png  used on input line 928.
(pdftex.def)             Requested size: 204.9466pt x 153.70923pt.
<imagenes_FP/eye_d_filter2i6,4_round.png, id=349, 462.528pt x 346.896pt>
File: imagenes_FP/eye_d_filter2i6,4_round.png Graphic file (type png)
<use imagenes_FP/eye_d_filter2i6,4_round.png>
Package pdftex.def Info: imagenes_FP/eye_d_filter2i6,4_round.png  used on input line 939.
(pdftex.def)             Requested size: 204.9466pt x 153.70923pt.
<imagenes_FP/eye_d_filter2q6,4_round.png, id=350, 462.528pt x 346.896pt>
File: imagenes_FP/eye_d_filter2q6,4_round.png Graphic file (type png)
<use imagenes_FP/eye_d_filter2q6,4_round.png>
Package pdftex.def Info: imagenes_FP/eye_d_filter2q6,4_round.png  used on input line 944.
(pdftex.def)             Requested size: 204.9466pt x 153.70923pt.
 [21 <./imagenes_FP/os_effect_6,4_round.png> <./imagenes_FP/simbols_in_out6,4_round.png> <./imagenes_FP/eye_d_filter0i6,4_round.png> <./imagenes_FP/eye_d_filter0q6,4_round.png> <./imagenes_FP/eye_d_filter1i6,4_round.png> <./imagenes_FP/eye_d_filter1q6,4_round.png>]
<imagenes_FP/constelation_filters_opt6,4_round.png, id=364, 433.62pt x 433.62pt>
File: imagenes_FP/constelation_filters_opt6,4_round.png Graphic file (type png)
<use imagenes_FP/constelation_filters_opt6,4_round.png>
Package pdftex.def Info: imagenes_FP/constelation_filters_opt6,4_round.png  used on input line 955.
(pdftex.def)             Requested size: 133.84424pt x 133.84517pt.
File: imagenes_FP/constelation_filters_opt6,4_round.png Graphic file (type png)
<use imagenes_FP/constelation_filters_opt6,4_round.png>
Package pdftex.def Info: imagenes_FP/constelation_filters_opt6,4_round.png  used on input line 961.
(pdftex.def)             Requested size: 133.84424pt x 133.84517pt.
File: imagenes_FP/constelation_filters_opt6,4_round.png Graphic file (type png)
<use imagenes_FP/constelation_filters_opt6,4_round.png>
Package pdftex.def Info: imagenes_FP/constelation_filters_opt6,4_round.png  used on input line 967.
(pdftex.def)             Requested size: 133.84424pt x 133.84517pt.
 [22 <./imagenes_FP/eye_d_filter2i6,4_round.png> <./imagenes_FP/eye_d_filter2q6,4_round.png> <./imagenes_FP/constelation_filters_opt6,4_round.png>]
Underfull \hbox (badness 1845) in paragraph at lines 1044--1044
\OT1/cmr/m/n/12 -C^^Sompu-to in-ter-me-
 []


Underfull \hbox (badness 1845) in paragraph at lines 1044--1044
\OT1/cmr/m/n/12 -C^^Sompu-to in-ter-me-
 []


Underfull \hbox (badness 4181) in paragraph at lines 1044--1044
\OT1/cmr/m/n/12 -Cantidad de bits
 []


Underfull \hbox (badness 7116) in paragraph at lines 1044--1044
\OT1/cmr/m/n/12 -C^^Sompu-to mi-ni-mi-
 []

[23] [24] (Informe_FP.aux
LaTeX Info: Redefining \. on input line 11.
LaTeX Info: Redefining \% on input line 11.
)
 ***********
LaTeX2e <2025-11-01>
L3 programming layer <2026-03-20>
 ***********
Package rerunfilecheck Info: File `Informe_FP.out' has not changed.
(rerunfilecheck)             Checksum: 747EA077572AE582E591DCF3763A6AD5;1521.
 ) 
Here is how much of TeX's memory you used:
 28984 strings out of 467691
 587460 string characters out of 5414987
 998040 words of memory out of 5000000
 57548 multiletter control sequences out of 15000+600000
 634742 words of font info for 64 fonts, out of 8000000 for 9000
 1141 hyphenation exceptions out of 8191
 98i,11n,108p,507b,593s stack positions out of 10000i,1000n,20000p,200000b,200000s
<C:/Users/facun/AppData/Local/Programs/MiKTeX/fonts/type1/public/amsfonts/cm/cmbx12.pfb><C:/Users/facun/AppData/Local/Programs/MiKTeX/fonts/type1/public/amsfonts/cm/cmmi10.pfb><C:/Users/facun/AppData/Local/Programs/MiKTeX/fonts/type1/public/amsfonts/cm/cmmi12.pfb><C:/Users/facun/AppData/Local/Programs/MiKTeX/fonts/type1/public/amsfonts/cm/cmr10.pfb><C:/Users/facun/AppData/Local/Programs/MiKTeX/fonts/type1/public/amsfonts/cm/cmr12.pfb><C:/Users/facun/AppData/Local/Programs/MiKTeX/fonts/type1/public/amsfonts/cm/cmti12.pfb>
Output written on Informe_FP.pdf (24 pages, 4091448 bytes).
PDF statistics:
 441 PDF objects out of 1000 (max. 8388607)
 85 named destinations out of 1000 (max. 500000)
 510 words of extra memory for PDF output out of 10000 (max. 10000000)

